[               start] Pipeline start (sr=3.0, candidate=bat_cfpetg_diagonal)
[              target] Target loaded (3232 pixels)
[     surrogate_start] Running W10 surrogate (single-start)
[           surrogate] Running W10 surrogate (300 steps)
[      surrogate_done] W10 done in 65s; surrogate enr=3.05×
[        phase1_start] Phase 1: COMSOL eigfreq + Phase 1 selection + forced response + composite search
[      comsol_eigfreq] Running COMSOL eigenfrequency (30 modes)
[Phase 1] rejecting 5 eigenmodes outside W10 band [100,1220] Hz: [26.1, 31.5, 44.7, 60.6, 90.7]
[Phase 1] adding 2 W10-trained drive freqs: 1026.1Hz(w=0.17), 331.8Hz(w=0.15)
[       comsol_forced] Running COMSOL forced response at 9 freqs
[         phase1_done] Phase 1 done in 210s; best composite = 8.37× broad
[        phase2_start] Phase 2 trust-region (1 iters, score_mode=composite)
[   phase2_iter_start] iter 1/1: surrogate continue (lr_H=0.0250, lr_θ=0.0500, freeze_freq=20)
[           surrogate] Running W10 surrogate (200 steps)
[      comsol_eigfreq] Running COMSOL eigenfrequency (30 modes)
[Phase 1] rejecting 5 eigenmodes outside W10 band [100,1220] Hz: [23.4, 27.6, 40.5, 56.8, 87.1]
[Phase 1] adding 3 W10-trained drive freqs: 196.1Hz(w=0.28), 444.3Hz(w=0.17), 840.4Hz(w=0.17)
[       comsol_forced] Running COMSOL forced response at 10 freqs
[    phase2_iter_done] iter 1: score 6.651→3.637  (enr 8.37→8.30×, rec 0.63→0.19)  [REJECT]
[gap monitor] COMSOL (8.37×) outperformed surrogate (3.05×) — unusual but harmless; usually means target dilation gave the surrogate a softer goal than the real physics could deliver.
[                done] Pipeline complete. Best enrichment = 8.37×

================================================================================
PIPELINE FINAL
================================================================================
  Phase 1 best: MAX(704+1077+333)
    broad enr=8.37× rec=0.63
    tight enr=11.75× rec=0.94
  Phase 2: best iter 0 → score 6.651 (enr 8.37× rec 0.63)  +0.0% over Phase 1  [mode=composite]

  Output: /Users/apple/Documents/ChladiniPlateProject/reports/_battery/cfpetg/diagonal/bat_cfpetg_diagonal
  Summary: /Users/apple/Documents/ChladiniPlateProject/reports/_battery/cfpetg/diagonal/bat_cfpetg_diagonal/production_summary.json
