[               start] Pipeline start (sr=3.0, candidate=bat_cfpetg_xform)
[              target] Target loaded (6352 pixels)
[     surrogate_start] Running W10 surrogate (single-start)
[           surrogate] Running W10 surrogate (300 steps)
[      surrogate_done] W10 done in 79s; surrogate enr=1.69×
[        phase1_start] Phase 1: COMSOL eigfreq + Phase 1 selection + forced response + composite search
[      comsol_eigfreq] Running COMSOL eigenfrequency (30 modes)
[Phase 1] rejecting 5 eigenmodes outside W10 band [100,1220] Hz: [30.1, 32.2, 46.2, 59.8, 89.6]
[Phase 1] adding 3 W10-trained drive freqs: 323.1Hz(w=0.39), 479.6Hz(w=0.20), 1106.3Hz(w=0.14)
[       comsol_forced] Running COMSOL forced response at 10 freqs
[         phase1_done] Phase 1 done in 230s; best composite = 8.10× broad
[        phase2_start] Phase 2 trust-region (1 iters, score_mode=composite)
[   phase2_iter_start] iter 1/1: surrogate continue (lr_H=0.0250, lr_θ=0.0500, freeze_freq=20)
[           surrogate] Running W10 surrogate (200 steps)
[      comsol_eigfreq] Running COMSOL eigenfrequency (30 modes)
[Phase 1] rejecting 5 eigenmodes outside W10 band [100,1220] Hz: [27.7, 28.1, 43.6, 58.6, 87.8]
[Phase 1] adding 3 W10-trained drive freqs: 1085.6Hz(w=0.38), 1060.3Hz(w=0.32), 470.5Hz(w=0.15)
[       comsol_forced] Running COMSOL forced response at 10 freqs
[    phase2_iter_done] iter 1: score 3.144→3.261  (enr 8.10→7.60×, rec 0.15→0.18)  [ACCEPT]
[gap monitor] COMSOL (8.10×) outperformed surrogate (1.69×) — unusual but harmless; usually means target dilation gave the surrogate a softer goal than the real physics could deliver.
[                done] Pipeline complete. Best enrichment = 7.60×

================================================================================
PIPELINE FINAL
================================================================================
  Phase 1 best: MAX(214+481+1108)
    broad enr=8.10× rec=0.15
    tight enr=9.48× rec=0.78
  Phase 2: best iter 1 → score 3.261 (enr 7.60× rec 0.18)  +3.7% over Phase 1  [mode=composite]

  Output: /Users/apple/Documents/ChladiniPlateProject/reports/_battery/cfpetg/xform/bat_cfpetg_xform
  Summary: /Users/apple/Documents/ChladiniPlateProject/reports/_battery/cfpetg/xform/bat_cfpetg_xform/production_summary.json
