[               start] Pipeline start (sr=1.0, candidate=bat_pla_cross)
[              target] Target loaded (4631 pixels)
[     surrogate_start] Running W10 surrogate (single-start)
[           surrogate] Running W10 surrogate (300 steps)
[      surrogate_done] W10 done in 87s; surrogate enr=2.78×
[        phase1_start] Phase 1: COMSOL eigfreq + Phase 1 selection + forced response + composite search
[      comsol_eigfreq] Running COMSOL eigenfrequency (30 modes)
[Phase 1] rejecting 5 eigenmodes outside W10 band [100,1220] Hz: [23.8, 24.0, 38.3, 53.7, 79.9]
[Phase 1] adding 3 W10-trained drive freqs: 849.4Hz(w=0.45), 824.2Hz(w=0.40), 293.5Hz(w=0.08)
[       comsol_forced] Running COMSOL forced response at 9 freqs
[         phase1_done] Phase 1 done in 258s; best composite = 10.11× broad
[        phase2_start] Phase 2 trust-region (1 iters, score_mode=composite)
[   phase2_iter_start] iter 1/1: surrogate continue (lr_H=0.0250, lr_θ=0.0500, freeze_freq=20)
[           surrogate] Running W10 surrogate (200 steps)
[      comsol_eigfreq] Running COMSOL eigenfrequency (30 modes)
[Phase 1] rejecting 5 eigenmodes outside W10 band [100,1220] Hz: [23.1, 23.2, 37.3, 52.1, 77.4]
[Phase 1] adding 3 W10-trained drive freqs: 618.9Hz(w=0.25), 590.3Hz(w=0.24), 877.3Hz(w=0.23)
[       comsol_forced] Running COMSOL forced response at 9 freqs
[    phase2_iter_done] iter 1: score 6.319→6.868  (enr 10.11→10.00×, rec 0.39→0.47)  [ACCEPT]
[gap monitor] COMSOL (10.11×) outperformed surrogate (2.78×) — unusual but harmless; usually means target dilation gave the surrogate a softer goal than the real physics could deliver.
[                done] Pipeline complete. Best enrichment = 10.00×

================================================================================
PIPELINE FINAL
================================================================================
  Phase 1 best: MAX(323+948+295)
    broad enr=10.11× rec=0.39
    tight enr=11.30× rec=0.98
  Phase 2: best iter 1 → score 6.868 (enr 10.00× rec 0.47)  +8.7% over Phase 1  [mode=composite]

  Output: /Users/apple/Documents/ChladiniPlateProject/reports/_battery/pla/cross/bat_pla_cross
  Summary: /Users/apple/Documents/ChladiniPlateProject/reports/_battery/pla/cross/bat_pla_cross/production_summary.json
